# bring up the REPL terminal
C:\> node

# simple expression
C:\> node
> 1 + 3
4
> 1 + ( 2 * 3 ) - 4
3
>

# use variable:
C:\> node
> x = 10
10
> let y = 10
undefined
> x + y
20
> console.log("Hello World")
Hello World
undefined

# multi-lines expression
$ node
> var x = 0
undefined
> do {
... x++;
... console.log("x: " + x);
... } while ( x < 5 );
x: 1
x: 2
x: 3
x: 4
x: 5
undefined
>

# underscore (_) variable: for last result.
$ node
> var x = 10
undefined
> var y = 20
undefined
> x + y
30
> var sum = _
undefined
> console.log(sum)
30
undefined
>

# REPL Commands:
ctrl + c − terminate the current command.
ctrl + c twice − terminate the Node REPL.
ctrl + d − terminate the Node REPL.
Up/Down Keys − see command history and modify previous commands.
tab Keys − list of current commands.
.help − list of all commands.
.break − exit from multiline expression.
.clear − exit from multiline expression.
.save filename − save the current Node REPL session to a file.
.load filename − load file content in current Node REPL session.

# Stop REPL
C:\> node
>
(^C again to quit)
>